Magma V2.29-4     Tue Jul 14 2026 09:58:21 on mordell  [Seed = 2761633841]
Type ? for help.  Type <Ctrl>-D to quit.

Loading startup file "over_quadratic_fields.m"

----------------------------------------
Q(sqrt(-5))
  <1,3,8>  (r=2)  ->  Z/2 x Z/4
----------------------------------------
Q(sqrt(-1))
  <7,9,32>  (r=8)  ->  Z/2 x Z/4
----------------------------------------
Q(sqrt(7))
  <1,8,15>  (r=3)  ->  Z/2 x Z/4
----------------------------------------
Q(sqrt(10))
  <2,4,12>  (r=3)  ->  Z/2 x Z/4
----------------------------------------
Q(sqrt(30))
  <10,240,348>  (r=49)  ->  Z/2 x Z/4
----------------------------------------
Q(sqrt(34))
  <32,34,132>  (r=33)  ->  Z/2 x Z/4
----------------------------------------
Q(sqrt(39))
  <3,8,21>  (r=5)  ->  Z/2 x Z/4

Total time: 323.230 seconds, Total memory usage: 32.09MB
